> Task :app:checkKotlinGradlePluginConfigurationErrors
> Task :app:preBuild UP-TO-DATE
> Task :app:preDebugBuild UP-TO-DATE
> Task :app:generateDebugBuildConfig UP-TO-DATE
> Task :app:checkDebugAarMetadata UP-TO-DATE
> Task :app:processDebugNavigationResources UP-TO-DATE
> Task :app:compileDebugNavigationResources UP-TO-DATE
> Task :app:generateDebugResValues UP-TO-DATE
> Task :app:mapDebugSourceSetPaths UP-TO-DATE
> Task :app:generateDebugResources UP-TO-DATE
> Task :app:mergeDebugResources UP-TO-DATE
> Task :app:packageDebugResources UP-TO-DATE
> Task :app:parseDebugLocalResources UP-TO-DATE
> Task :app:createDebugCompatibleScreenManifests UP-TO-DATE
> Task :app:extractDeepLinksDebug UP-TO-DATE
> Task :app:processDebugMainManifest UP-TO-DATE
> Task :app:processDebugManifest UP-TO-DATE
> Task :app:processDebugManifestForPackage UP-TO-DATE
> Task :app:processDebugResources UP-TO-DATE

> Task :app:compileDebugKotlin
w: file:///C:/Users/Aman%20Singh/OneDrive%20-%20Noida%20Institute%20of%20Engineering%20and%20Technology/Desktop/Assistant-Project-Android/app/src/main/java/com/assistant/services/accessibility/RapidoAutoBookService.kt:325:38 'recycle(): Unit' is deprecated. Deprecated in Java
w: file:///C:/Users/Aman%20Singh/OneDrive%20-%20Noida%20Institute%20of%20Engineering%20and%20Technology/Desktop/Assistant-Project-Android/app/src/main/java/com/assistant/services/accessibility/RapidoAutoBookService.kt:328:30 'recycle(): Unit' is deprecated. Deprecated in Java
w: file:///C:/Users/Aman%20Singh/OneDrive%20-%20Noida%20Institute%20of%20Engineering%20and%20Technology/Desktop/Assistant-Project-Android/app/src/main/java/com/assistant/services/accessibility/RapidoAutoBookService.kt:338:30 'recycle(): Unit' is deprecated. Deprecated in Java
w: file:///C:/Users/Aman%20Singh/OneDrive%20-%20Noida%20Institute%20of%20Engineering%20and%20Technology/Desktop/Assistant-Project-Android/app/src/main/java/com/assistant/services/accessibility/RapidoAutoBookService.kt:348:30 'recycle(): Unit' is deprecated. Deprecated in Java
w: file:///C:/Users/Aman%20Singh/OneDrive%20-%20Noida%20Institute%20of%20Engineering%20and%20Technology/Desktop/Assistant-Project-Android/app/src/main/java/com/assistant/services/accessibility/RapidoAutoBookService.kt:353:22 'recycle(): Unit' is deprecated. Deprecated in Java
w: file:///C:/Users/Aman%20Singh/OneDrive%20-%20Noida%20Institute%20of%20Engineering%20and%20Technology/Desktop/Assistant-Project-Android/app/src/main/java/com/assistant/services/accessibility/RapidoAutoBookService.kt:392:34 'recycle(): Unit' is deprecated. Deprecated in Java
w: file:///C:/Users/Aman%20Singh/OneDrive%20-%20Noida%20Institute%20of%20Engineering%20and%20Technology/Desktop/Assistant-Project-Android/app/src/main/java/com/assistant/services/accessibility/RapidoAutoBookService.kt:398:22 'recycle(): Unit' is deprecated. Deprecated in Java
w: file:///C:/Users/Aman%20Singh/OneDrive%20-%20Noida%20Institute%20of%20Engineering%20and%20Technology/Desktop/Assistant-Project-Android/app/src/main/java/com/assistant/services/accessibility/RapidoAutoBookService.kt:409:26 'recycle(): Unit' is deprecated. Deprecated in Java
w: file:///C:/Users/Aman%20Singh/OneDrive%20-%20Noida%20Institute%20of%20Engineering%20and%20Technology/Desktop/Assistant-Project-Android/app/src/main/java/com/assistant/services/accessibility/RapidoAutoBookService.kt:425:34 'recycle(): Unit' is deprecated. Deprecated in Java
w: file:///C:/Users/Aman%20Singh/OneDrive%20-%20Noida%20Institute%20of%20Engineering%20and%20Technology/Desktop/Assistant-Project-Android/app/src/main/java/com/assistant/services/accessibility/RapidoAutoBookService.kt:429:22 'recycle(): Unit' is deprecated. Deprecated in Java
w: file:///C:/Users/Aman%20Singh/OneDrive%20-%20Noida%20Institute%20of%20Engineering%20and%20Technology/Desktop/Assistant-Project-Android/app/src/main/java/com/assistant/services/accessibility/RapidoAutoBookService.kt:433:18 'recycle(): Unit' is deprecated. Deprecated in Java
w: file:///C:/Users/Aman%20Singh/OneDrive%20-%20Noida%20Institute%20of%20Engineering%20and%20Technology/Desktop/Assistant-Project-Android/app/src/main/java/com/assistant/services/accessibility/RapidoAutoBookService.kt:469:43 'recycle(): Unit' is deprecated. Deprecated in Java
w: file:///C:/Users/Aman%20Singh/OneDrive%20-%20Noida%20Institute%20of%20Engineering%20and%20Technology/Desktop/Assistant-Project-Android/app/src/main/java/com/assistant/services/accessibility/RapidoAutoBookService.kt:472:19 'recycle(): Unit' is deprecated. Deprecated in Java
w: file:///C:/Users/Aman%20Singh/OneDrive%20-%20Noida%20Institute%20of%20Engineering%20and%20Technology/Desktop/Assistant-Project-Android/app/src/main/java/com/assistant/services/accessibility/RapidoAutoBookService.kt:497:43 'recycle(): Unit' is deprecated. Deprecated in Java
w: file:///C:/Users/Aman%20Singh/OneDrive%20-%20Noida%20Institute%20of%20Engineering%20and%20Technology/Desktop/Assistant-Project-Android/app/src/main/java/com/assistant/services/accessibility/RapidoAutoBookService.kt:500:19 'recycle(): Unit' is deprecated. Deprecated in Java
w: file:///C:/Users/Aman%20Singh/OneDrive%20-%20Noida%20Institute%20of%20Engineering%20and%20Technology/Desktop/Assistant-Project-Android/app/src/main/java/com/assistant/services/accessibility/RapidoAutoBookService.kt:532:43 'recycle(): Unit' is deprecated. Deprecated in Java
w: file:///C:/Users/Aman%20Singh/OneDrive%20-%20Noida%20Institute%20of%20Engineering%20and%20Technology/Desktop/Assistant-Project-Android/app/src/main/java/com/assistant/services/accessibility/RapidoAutoBookService.kt:535:19 'recycle(): Unit' is deprecated. Deprecated in Java
w: file:///C:/Users/Aman%20Singh/OneDrive%20-%20Noida%20Institute%20of%20Engineering%20and%20Technology/Desktop/Assistant-Project-Android/app/src/main/java/com/assistant/services/accessibility/RapidoAutoBookService.kt:580:25 'recycle(): Unit' is deprecated. Deprecated in Java
w: file:///C:/Users/Aman%20Singh/OneDrive%20-%20Noida%20Institute%20of%20Engineering%20and%20Technology/Desktop/Assistant-Project-Android/app/src/main/java/com/assistant/services/accessibility/RapidoAutoBookService.kt:585:21 'recycle(): Unit' is deprecated. Deprecated in Java
w: file:///C:/Users/Aman%20Singh/OneDrive%20-%20Noida%20Institute%20of%20Engineering%20and%20Technology/Desktop/Assistant-Project-Android/app/src/main/java/com/assistant/services/accessibility/RapidoAutoBookService.kt:589:18 'recycle(): Unit' is deprecated. Deprecated in Java
w: file:///C:/Users/Aman%20Singh/OneDrive%20-%20Noida%20Institute%20of%20Engineering%20and%20Technology/Desktop/Assistant-Project-Android/app/src/main/java/com/assistant/services/accessibility/RapidoAutoBookService.kt:638:42 This declaration needs opt-in. Its usage should be marked with '@kotlinx.coroutines.ExperimentalCoroutinesApi' or '@OptIn(kotlinx.coroutines.ExperimentalCoroutinesApi::class)'
w: file:///C:/Users/Aman%20Singh/OneDrive%20-%20Noida%20Institute%20of%20Engineering%20and%20Technology/Desktop/Assistant-Project-Android/app/src/main/java/com/assistant/services/accessibility/RapidoAutoBookService.kt:645:42 This declaration needs opt-in. Its usage should be marked with '@kotlinx.coroutines.ExperimentalCoroutinesApi' or '@OptIn(kotlinx.coroutines.ExperimentalCoroutinesApi::class)'
w: file:///C:/Users/Aman%20Singh/OneDrive%20-%20Noida%20Institute%20of%20Engineering%20and%20Technology/Desktop/Assistant-Project-Android/app/src/main/java/com/assistant/services/accessibility/RapidoAutoBookService.kt:655:38 This declaration needs opt-in. Its usage should be marked with '@kotlinx.coroutines.ExperimentalCoroutinesApi' or '@OptIn(kotlinx.coroutines.ExperimentalCoroutinesApi::class)'
w: file:///C:/Users/Aman%20Singh/OneDrive%20-%20Noida%20Institute%20of%20Engineering%20and%20Technology/Desktop/Assistant-Project-Android/app/src/main/java/com/assistant/services/accessibility/RapidoAutoBookService.kt:683:18 'recycle(): Unit' is deprecated. Deprecated in Java
w: file:///C:/Users/Aman%20Singh/OneDrive%20-%20Noida%20Institute%20of%20Engineering%20and%20Technology/Desktop/Assistant-Project-Android/app/src/main/java/com/assistant/services/accessibility/RapidoAutoBookService.kt:703:23 'recycle(): Unit' is deprecated. Deprecated in Java
w: file:///C:/Users/Aman%20Singh/OneDrive%20-%20Noida%20Institute%20of%20Engineering%20and%20Technology/Desktop/Assistant-Project-Android/app/src/main/java/com/assistant/services/accessibility/RapidoAutoBookService.kt:763:32 'recycle(): Unit' is deprecated. Deprecated in Java
w: file:///C:/Users/Aman%20Singh/OneDrive%20-%20Noida%20Institute%20of%20Engineering%20and%20Technology/Desktop/Assistant-Project-Android/app/src/main/java/com/assistant/services/accessibility/RapidoAutoBookService.kt:786:26 'recycle(): Unit' is deprecated. Deprecated in Java
w: file:///C:/Users/Aman%20Singh/OneDrive%20-%20Noida%20Institute%20of%20Engineering%20and%20Technology/Desktop/Assistant-Project-Android/app/src/main/java/com/assistant/services/accessibility/RapidoAutoBookService.kt:787:26 'recycle(): Unit' is deprecated. Deprecated in Java
w: file:///C:/Users/Aman%20Singh/OneDrive%20-%20Noida%20Institute%20of%20Engineering%20and%20Technology/Desktop/Assistant-Project-Android/app/src/main/java/com/assistant/services/accessibility/RapidoAutoBookService.kt:803:22 'recycle(): Unit' is deprecated. Deprecated in Java
w: file:///C:/Users/Aman%20Singh/OneDrive%20-%20Noida%20Institute%20of%20Engineering%20and%20Technology/Desktop/Assistant-Project-Android/app/src/main/java/com/assistant/services/accessibility/RapidoAutoBookService.kt:837:43 'recycle(): Unit' is deprecated. Deprecated in Java
w: file:///C:/Users/Aman%20Singh/OneDrive%20-%20Noida%20Institute%20of%20Engineering%20and%20Technology/Desktop/Assistant-Project-Android/app/src/main/java/com/assistant/services/accessibility/RapidoAutoBookService.kt:840:19 'recycle(): Unit' is deprecated. Deprecated in Java
w: file:///C:/Users/Aman%20Singh/OneDrive%20-%20Noida%20Institute%20of%20Engineering%20and%20Technology/Desktop/Assistant-Project-Android/app/src/main/java/com/assistant/services/accessibility/RapidoAutoBookService.kt:872:43 'recycle(): Unit' is deprecated. Deprecated in Java
w: file:///C:/Users/Aman%20Singh/OneDrive%20-%20Noida%20Institute%20of%20Engineering%20and%20Technology/Desktop/Assistant-Project-Android/app/src/main/java/com/assistant/services/accessibility/RapidoAutoBookService.kt:875:19 'recycle(): Unit' is deprecated. Deprecated in Java
w: file:///C:/Users/Aman%20Singh/OneDrive%20-%20Noida%20Institute%20of%20Engineering%20and%20Technology/Desktop/Assistant-Project-Android/app/src/main/java/com/assistant/services/accessibility/RapidoAutoBookService.kt:901:42 'recycle(): Unit' is deprecated. Deprecated in Java
w: file:///C:/Users/Aman%20Singh/OneDrive%20-%20Noida%20Institute%20of%20Engineering%20and%20Technology/Desktop/Assistant-Project-Android/app/src/main/java/com/assistant/services/accessibility/RapidoAutoBookService.kt:906:30 'recycle(): Unit' is deprecated. Deprecated in Java
w: file:///C:/Users/Aman%20Singh/OneDrive%20-%20Noida%20Institute%20of%20Engineering%20and%20Technology/Desktop/Assistant-Project-Android/app/src/main/java/com/assistant/services/accessibility/RapidoAutoBookService.kt:915:30 'recycle(): Unit' is deprecated. Deprecated in Java
w: file:///C:/Users/Aman%20Singh/OneDrive%20-%20Noida%20Institute%20of%20Engineering%20and%20Technology/Desktop/Assistant-Project-Android/app/src/main/java/com/assistant/services/accessibility/RapidoAutoBookService.kt:921:22 'recycle(): Unit' is deprecated. Deprecated in Java
w: file:///C:/Users/Aman%20Singh/OneDrive%20-%20Noida%20Institute%20of%20Engineering%20and%20Technology/Desktop/Assistant-Project-Android/app/src/main/java/com/assistant/services/accessibility/RapidoAutoBookService.kt:949:38 'recycle(): Unit' is deprecated. Deprecated in Java
w: file:///C:/Users/Aman%20Singh/OneDrive%20-%20Noida%20Institute%20of%20Engineering%20and%20Technology/Desktop/Assistant-Project-Android/app/src/main/java/com/assistant/services/accessibility/RapidoAutoBookService.kt:950:34 'recycle(): Unit' is deprecated. Deprecated in Java
w: file:///C:/Users/Aman%20Singh/OneDrive%20-%20Noida%20Institute%20of%20Engineering%20and%20Technology/Desktop/Assistant-Project-Android/app/src/main/java/com/assistant/services/accessibility/RapidoAutoBookService.kt:953:27 'recycle(): Unit' is deprecated. Deprecated in Java
w: file:///C:/Users/Aman%20Singh/OneDrive%20-%20Noida%20Institute%20of%20Engineering%20and%20Technology/Desktop/Assistant-Project-Android/app/src/main/java/com/assistant/services/accessibility/RapidoAutoBookService.kt:955:30 'recycle(): Unit' is deprecated. Deprecated in Java
w: file:///C:/Users/Aman%20Singh/OneDrive%20-%20Noida%20Institute%20of%20Engineering%20and%20Technology/Desktop/Assistant-Project-Android/app/src/main/java/com/assistant/services/accessibility/RapidoAutoBookService.kt:969:26 'recycle(): Unit' is deprecated. Deprecated in Java
w: file:///C:/Users/Aman%20Singh/OneDrive%20-%20Noida%20Institute%20of%20Engineering%20and%20Technology/Desktop/Assistant-Project-Android/app/src/main/java/com/assistant/services/accessibility/RapidoAutoBookService.kt:973:22 'recycle(): Unit' is deprecated. Deprecated in Java
w: file:///C:/Users/Aman%20Singh/OneDrive%20-%20Noida%20Institute%20of%20Engineering%20and%20Technology/Desktop/Assistant-Project-Android/app/src/main/java/com/assistant/services/accessibility/RapidoAutoBookService.kt:1000:38 'recycle(): Unit' is deprecated. Deprecated in Java
w: file:///C:/Users/Aman%20Singh/OneDrive%20-%20Noida%20Institute%20of%20Engineering%20and%20Technology/Desktop/Assistant-Project-Android/app/src/main/java/com/assistant/services/accessibility/RapidoAutoBookService.kt:1003:30 'recycle(): Unit' is deprecated. Deprecated in Java
w: file:///C:/Users/Aman%20Singh/OneDrive%20-%20Noida%20Institute%20of%20Engineering%20and%20Technology/Desktop/Assistant-Project-Android/app/src/main/java/com/assistant/services/accessibility/RapidoAutoBookService.kt:1008:22 'recycle(): Unit' is deprecated. Deprecated in Java
w: file:///C:/Users/Aman%20Singh/OneDrive%20-%20Noida%20Institute%20of%20Engineering%20and%20Technology/Desktop/Assistant-Project-Android/app/src/main/java/com/assistant/services/accessibility/RapidoAutoBookService.kt:1029:34 'recycle(): Unit' is deprecated. Deprecated in Java
w: file:///C:/Users/Aman%20Singh/OneDrive%20-%20Noida%20Institute%20of%20Engineering%20and%20Technology/Desktop/Assistant-Project-Android/app/src/main/java/com/assistant/services/accessibility/RapidoAutoBookService.kt:1032:26 'recycle(): Unit' is deprecated. Deprecated in Java
w: file:///C:/Users/Aman%20Singh/OneDrive%20-%20Noida%20Institute%20of%20Engineering%20and%20Technology/Desktop/Assistant-Project-Android/app/src/main/java/com/assistant/services/accessibility/RapidoAutoBookService.kt:1037:18 'recycle(): Unit' is deprecated. Deprecated in Java
w: file:///C:/Users/Aman%20Singh/OneDrive%20-%20Noida%20Institute%20of%20Engineering%20and%20Technology/Desktop/Assistant-Project-Android/app/src/main/java/com/assistant/services/accessibility/RapidoAutoBookService.kt:1080:42 'recycle(): Unit' is deprecated. Deprecated in Java
w: file:///C:/Users/Aman%20Singh/OneDrive%20-%20Noida%20Institute%20of%20Engineering%20and%20Technology/Desktop/Assistant-Project-Android/app/src/main/java/com/assistant/services/accessibility/RapidoAutoBookService.kt:1084:30 'recycle(): Unit' is deprecated. Deprecated in Java
w: file:///C:/Users/Aman%20Singh/OneDrive%20-%20Noida%20Institute%20of%20Engineering%20and%20Technology/Desktop/Assistant-Project-Android/app/src/main/java/com/assistant/services/accessibility/RapidoAutoBookService.kt:1089:22 'recycle(): Unit' is deprecated. Deprecated in Java
w: file:///C:/Users/Aman%20Singh/OneDrive%20-%20Noida%20Institute%20of%20Engineering%20and%20Technology/Desktop/Assistant-Project-Android/app/src/main/java/com/assistant/services/accessibility/RapidoAutoBookService.kt:1119:25 'recycle(): Unit' is deprecated. Deprecated in Java
w: file:///C:/Users/Aman%20Singh/OneDrive%20-%20Noida%20Institute%20of%20Engineering%20and%20Technology/Desktop/Assistant-Project-Android/app/src/main/java/com/assistant/services/accessibility/RapidoAutoBookService.kt:1127:21 'recycle(): Unit' is deprecated. Deprecated in Java
w: file:///C:/Users/Aman%20Singh/OneDrive%20-%20Noida%20Institute%20of%20Engineering%20and%20Technology/Desktop/Assistant-Project-Android/app/src/main/java/com/assistant/services/accessibility/RapidoAutoBookService.kt:1131:18 'recycle(): Unit' is deprecated. Deprecated in Java
w: file:///C:/Users/Aman%20Singh/OneDrive%20-%20Noida%20Institute%20of%20Engineering%20and%20Technology/Desktop/Assistant-Project-Android/app/src/main/java/com/assistant/services/accessibility/RapidoAutoBookService.kt:1145:18 'recycle(): Unit' is deprecated. Deprecated in Java
w: file:///C:/Users/Aman%20Singh/OneDrive%20-%20Noida%20Institute%20of%20Engineering%20and%20Technology/Desktop/Assistant-Project-Android/app/src/main/java/com/assistant/services/accessibility/RapidoAutoBookService.kt:1163:43 'recycle(): Unit' is deprecated. Deprecated in Java
w: file:///C:/Users/Aman%20Singh/OneDrive%20-%20Noida%20Institute%20of%20Engineering%20and%20Technology/Desktop/Assistant-Project-Android/app/src/main/java/com/assistant/services/accessibility/RapidoAutoBookService.kt:1166:19 'recycle(): Unit' is deprecated. Deprecated in Java
w: file:///C:/Users/Aman%20Singh/OneDrive%20-%20Noida%20Institute%20of%20Engineering%20and%20Technology/Desktop/Assistant-Project-Android/app/src/main/java/com/assistant/services/accessibility/RapidoAutoBookService.kt:1186:43 'recycle(): Unit' is deprecated. Deprecated in Java
w: file:///C:/Users/Aman%20Singh/OneDrive%20-%20Noida%20Institute%20of%20Engineering%20and%20Technology/Desktop/Assistant-Project-Android/app/src/main/java/com/assistant/services/accessibility/RapidoAutoBookService.kt:1189:19 'recycle(): Unit' is deprecated. Deprecated in Java
w: file:///C:/Users/Aman%20Singh/OneDrive%20-%20Noida%20Institute%20of%20Engineering%20and%20Technology/Desktop/Assistant-Project-Android/app/src/main/java/com/assistant/services/accessibility/SpotifyAutoClickService.kt:166:36 'recycle(): Unit' is deprecated. Deprecated in Java
w: file:///C:/Users/Aman%20Singh/OneDrive%20-%20Noida%20Institute%20of%20Engineering%20and%20Technology/Desktop/Assistant-Project-Android/app/src/main/java/com/assistant/services/accessibility/SpotifyAutoClickService.kt:175:26 'recycle(): Unit' is deprecated. Deprecated in Java
w: file:///C:/Users/Aman%20Singh/OneDrive%20-%20Noida%20Institute%20of%20Engineering%20and%20Technology/Desktop/Assistant-Project-Android/app/src/main/java/com/assistant/services/accessibility/SpotifyAutoClickService.kt:292:29 'recycle(): Unit' is deprecated. Deprecated in Java
w: file:///C:/Users/Aman%20Singh/OneDrive%20-%20Noida%20Institute%20of%20Engineering%20and%20Technology/Desktop/Assistant-Project-Android/app/src/main/java/com/assistant/services/accessibility/SpotifyAutoClickService.kt:293:26 'recycle(): Unit' is deprecated. Deprecated in Java
w: file:///C:/Users/Aman%20Singh/OneDrive%20-%20Noida%20Institute%20of%20Engineering%20and%20Technology/Desktop/Assistant-Project-Android/app/src/main/java/com/assistant/services/accessibility/SpotifyAutoClickService.kt:310:22 'recycle(): Unit' is deprecated. Deprecated in Java
w: file:///C:/Users/Aman%20Singh/OneDrive%20-%20Noida%20Institute%20of%20Engineering%20and%20Technology/Desktop/Assistant-Project-Android/app/src/main/java/com/assistant/services/accessibility/SpotifyAutoClickService.kt:345:28 'recycle(): Unit' is deprecated. Deprecated in Java
w: file:///C:/Users/Aman%20Singh/OneDrive%20-%20Noida%20Institute%20of%20Engineering%20and%20Technology/Desktop/Assistant-Project-Android/app/src/main/java/com/assistant/services/accessibility/SpotifyAutoClickService.kt:346:31 'recycle(): Unit' is deprecated. Deprecated in Java
w: file:///C:/Users/Aman%20Singh/OneDrive%20-%20Noida%20Institute%20of%20Engineering%20and%20Technology/Desktop/Assistant-Project-Android/app/src/main/java/com/assistant/services/accessibility/SpotifyAutoClickService.kt:349:24 'recycle(): Unit' is deprecated. Deprecated in Java
w: file:///C:/Users/Aman%20Singh/OneDrive%20-%20Noida%20Institute%20of%20Engineering%20and%20Technology/Desktop/Assistant-Project-Android/app/src/main/java/com/assistant/services/accessibility/SpotifyAutoClickService.kt:351:23 'recycle(): Unit' is deprecated. Deprecated in Java
w: file:///C:/Users/Aman%20Singh/OneDrive%20-%20Noida%20Institute%20of%20Engineering%20and%20Technology/Desktop/Assistant-Project-Android/app/src/main/java/com/assistant/services/accessibility/SpotifyAutoClickService.kt:372:30 'recycle(): Unit' is deprecated. Deprecated in Java
w: file:///C:/Users/Aman%20Singh/OneDrive%20-%20Noida%20Institute%20of%20Engineering%20and%20Technology/Desktop/Assistant-Project-Android/app/src/main/java/com/assistant/services/accessibility/SpotifyAutoClickService.kt:385:30 'recycle(): Unit' is deprecated. Deprecated in Java
w: file:///C:/Users/Aman%20Singh/OneDrive%20-%20Noida%20Institute%20of%20Engineering%20and%20Technology/Desktop/Assistant-Project-Android/app/src/main/java/com/assistant/services/accessibility/SpotifyAutoClickService.kt:388:26 'recycle(): Unit' is deprecated. Deprecated in Java
w: file:///C:/Users/Aman%20Singh/OneDrive%20-%20Noida%20Institute%20of%20Engineering%20and%20Technology/Desktop/Assistant-Project-Android/app/src/main/java/com/assistant/services/accessibility/SpotifyAutoClickService.kt:429:34 'recycle(): Unit' is deprecated. Deprecated in Java
w: file:///C:/Users/Aman%20Singh/OneDrive%20-%20Noida%20Institute%20of%20Engineering%20and%20Technology/Desktop/Assistant-Project-Android/app/src/main/java/com/assistant/services/accessibility/SpotifyAutoClickService.kt:435:19 'recycle(): Unit' is deprecated. Deprecated in Java
w: file:///C:/Users/Aman%20Singh/OneDrive%20-%20Noida%20Institute%20of%20Engineering%20and%20Technology/Desktop/Assistant-Project-Android/app/src/main/java/com/assistant/services/accessibility/SpotifyAutoClickService.kt:438:22 'recycle(): Unit' is deprecated. Deprecated in Java
w: file:///C:/Users/Aman%20Singh/OneDrive%20-%20Noida%20Institute%20of%20Engineering%20and%20Technology/Desktop/Assistant-Project-Android/app/src/main/java/com/assistant/services/accessibility/SpotifyAutoClickService.kt:481:23 'recycle(): Unit' is deprecated. Deprecated in Java
w: file:///C:/Users/Aman%20Singh/OneDrive%20-%20Noida%20Institute%20of%20Engineering%20and%20Technology/Desktop/Assistant-Project-Android/app/src/main/java/com/assistant/services/accessibility/SpotifyAutoClickService.kt:488:23 'recycle(): Unit' is deprecated. Deprecated in Java
w: file:///C:/Users/Aman%20Singh/OneDrive%20-%20Noida%20Institute%20of%20Engineering%20and%20Technology/Desktop/Assistant-Project-Android/app/src/main/java/com/assistant/services/accessibility/SpotifyAutoClickService.kt:500:23 'recycle(): Unit' is deprecated. Deprecated in Java
w: file:///C:/Users/Aman%20Singh/OneDrive%20-%20Noida%20Institute%20of%20Engineering%20and%20Technology/Desktop/Assistant-Project-Android/app/src/main/java/com/assistant/services/accessibility/SpotifyAutoClickService.kt:504:19 'recycle(): Unit' is deprecated. Deprecated in Java
w: file:///C:/Users/Aman%20Singh/OneDrive%20-%20Noida%20Institute%20of%20Engineering%20and%20Technology/Desktop/Assistant-Project-Android/app/src/main/java/com/assistant/services/accessibility/SpotifyAutoClickService.kt:520:21 'recycle(): Unit' is deprecated. Deprecated in Java
w: file:///C:/Users/Aman%20Singh/OneDrive%20-%20Noida%20Institute%20of%20Engineering%20and%20Technology/Desktop/Assistant-Project-Android/app/src/main/java/com/assistant/services/accessibility/SpotifyAutoClickService.kt:524:18 'recycle(): Unit' is deprecated. Deprecated in Java
w: file:///C:/Users/Aman%20Singh/OneDrive%20-%20Noida%20Institute%20of%20Engineering%20and%20Technology/Desktop/Assistant-Project-Android/app/src/main/java/com/assistant/services/accessibility/SpotifyAutoClickService.kt:538:43 'recycle(): Unit' is deprecated. Deprecated in Java
w: file:///C:/Users/Aman%20Singh/OneDrive%20-%20Noida%20Institute%20of%20Engineering%20and%20Technology/Desktop/Assistant-Project-Android/app/src/main/java/com/assistant/services/accessibility/SpotifyAutoClickService.kt:541:19 'recycle(): Unit' is deprecated. Deprecated in Java
w: file:///C:/Users/Aman%20Singh/OneDrive%20-%20Noida%20Institute%20of%20Engineering%20and%20Technology/Desktop/Assistant-Project-Android/app/src/main/java/com/assistant/services/accessibility/SpotifyAutoClickService.kt:558:43 'recycle(): Unit' is deprecated. Deprecated in Java
w: file:///C:/Users/Aman%20Singh/OneDrive%20-%20Noida%20Institute%20of%20Engineering%20and%20Technology/Desktop/Assistant-Project-Android/app/src/main/java/com/assistant/services/accessibility/SpotifyAutoClickService.kt:561:19 'recycle(): Unit' is deprecated. Deprecated in Java
w: file:///C:/Users/Aman%20Singh/OneDrive%20-%20Noida%20Institute%20of%20Engineering%20and%20Technology/Desktop/Assistant-Project-Android/app/src/main/java/com/assistant/services/accessibility/SpotifyAutoClickService.kt:595:23 'recycle(): Unit' is deprecated. Deprecated in Java
w: file:///C:/Users/Aman%20Singh/OneDrive%20-%20Noida%20Institute%20of%20Engineering%20and%20Technology/Desktop/Assistant-Project-Android/app/src/main/java/com/assistant/services/accessibility/YouTubeAutoClickService.kt:270:29 'recycle(): Unit' is deprecated. Deprecated in Java
w: file:///C:/Users/Aman%20Singh/OneDrive%20-%20Noida%20Institute%20of%20Engineering%20and%20Technology/Desktop/Assistant-Project-Android/app/src/main/java/com/assistant/services/accessibility/YouTubeAutoClickService.kt:271:26 'recycle(): Unit' is deprecated. Deprecated in Java
w: file:///C:/Users/Aman%20Singh/OneDrive%20-%20Noida%20Institute%20of%20Engineering%20and%20Technology/Desktop/Assistant-Project-Android/app/src/main/java/com/assistant/services/accessibility/YouTubeAutoClickService.kt:288:22 'recycle(): Unit' is deprecated. Deprecated in Java
w: file:///C:/Users/Aman%20Singh/OneDrive%20-%20Noida%20Institute%20of%20Engineering%20and%20Technology/Desktop/Assistant-Project-Android/app/src/main/java/com/assistant/services/accessibility/YouTubeAutoClickService.kt:319:36 'recycle(): Unit' is deprecated. Deprecated in Java
w: file:///C:/Users/Aman%20Singh/OneDrive%20-%20Noida%20Institute%20of%20Engineering%20and%20Technology/Desktop/Assistant-Project-Android/app/src/main/java/com/assistant/services/accessibility/YouTubeAutoClickService.kt:320:40 'recycle(): Unit' is deprecated. Deprecated in Java
w: file:///C:/Users/Aman%20Singh/OneDrive%20-%20Noida%20Institute%20of%20Engineering%20and%20Technology/Desktop/Assistant-Project-Android/app/src/main/java/com/assistant/services/accessibility/YouTubeAutoClickService.kt:323:32 'recycle(): Unit' is deprecated. Deprecated in Java
w: file:///C:/Users/Aman%20Singh/OneDrive%20-%20Noida%20Institute%20of%20Engineering%20and%20Technology/Desktop/Assistant-Project-Android/app/src/main/java/com/assistant/services/accessibility/YouTubeAutoClickService.kt:325:32 'recycle(): Unit' is deprecated. Deprecated in Java
w: file:///C:/Users/Aman%20Singh/OneDrive%20-%20Noida%20Institute%20of%20Engineering%20and%20Technology/Desktop/Assistant-Project-Android/app/src/main/java/com/assistant/services/accessibility/YouTubeAutoClickService.kt:348:30 'recycle(): Unit' is deprecated. Deprecated in Java
w: file:///C:/Users/Aman%20Singh/OneDrive%20-%20Noida%20Institute%20of%20Engineering%20and%20Technology/Desktop/Assistant-Project-Android/app/src/main/java/com/assistant/services/accessibility/YouTubeAutoClickService.kt:361:30 'recycle(): Unit' is deprecated. Deprecated in Java
w: file:///C:/Users/Aman%20Singh/OneDrive%20-%20Noida%20Institute%20of%20Engineering%20and%20Technology/Desktop/Assistant-Project-Android/app/src/main/java/com/assistant/services/accessibility/YouTubeAutoClickService.kt:364:26 'recycle(): Unit' is deprecated. Deprecated in Java
w: file:///C:/Users/Aman%20Singh/OneDrive%20-%20Noida%20Institute%20of%20Engineering%20and%20Technology/Desktop/Assistant-Project-Android/app/src/main/java/com/assistant/services/accessibility/YouTubeAutoClickService.kt:403:34 'recycle(): Unit' is deprecated. Deprecated in Java
w: file:///C:/Users/Aman%20Singh/OneDrive%20-%20Noida%20Institute%20of%20Engineering%20and%20Technology/Desktop/Assistant-Project-Android/app/src/main/java/com/assistant/services/accessibility/YouTubeAutoClickService.kt:409:19 'recycle(): Unit' is deprecated. Deprecated in Java
w: file:///C:/Users/Aman%20Singh/OneDrive%20-%20Noida%20Institute%20of%20Engineering%20and%20Technology/Desktop/Assistant-Project-Android/app/src/main/java/com/assistant/services/accessibility/YouTubeAutoClickService.kt:412:22 'recycle(): Unit' is deprecated. Deprecated in Java
w: file:///C:/Users/Aman%20Singh/OneDrive%20-%20Noida%20Institute%20of%20Engineering%20and%20Technology/Desktop/Assistant-Project-Android/app/src/main/java/com/assistant/services/accessibility/YouTubeAutoClickService.kt:451:23 'recycle(): Unit' is deprecated. Deprecated in Java
w: file:///C:/Users/Aman%20Singh/OneDrive%20-%20Noida%20Institute%20of%20Engineering%20and%20Technology/Desktop/Assistant-Project-Android/app/src/main/java/com/assistant/services/accessibility/YouTubeAutoClickService.kt:457:23 'recycle(): Unit' is deprecated. Deprecated in Java
w: file:///C:/Users/Aman%20Singh/OneDrive%20-%20Noida%20Institute%20of%20Engineering%20and%20Technology/Desktop/Assistant-Project-Android/app/src/main/java/com/assistant/services/accessibility/YouTubeAutoClickService.kt:467:23 'recycle(): Unit' is deprecated. Deprecated in Java
w: file:///C:/Users/Aman%20Singh/OneDrive%20-%20Noida%20Institute%20of%20Engineering%20and%20Technology/Desktop/Assistant-Project-Android/app/src/main/java/com/assistant/services/accessibility/YouTubeAutoClickService.kt:471:19 'recycle(): Unit' is deprecated. Deprecated in Java
w: file:///C:/Users/Aman%20Singh/OneDrive%20-%20Noida%20Institute%20of%20Engineering%20and%20Technology/Desktop/Assistant-Project-Android/app/src/main/java/com/assistant/services/accessibility/YouTubeAutoClickService.kt:487:21 'recycle(): Unit' is deprecated. Deprecated in Java
w: file:///C:/Users/Aman%20Singh/OneDrive%20-%20Noida%20Institute%20of%20Engineering%20and%20Technology/Desktop/Assistant-Project-Android/app/src/main/java/com/assistant/services/accessibility/YouTubeAutoClickService.kt:491:18 'recycle(): Unit' is deprecated. Deprecated in Java
w: file:///C:/Users/Aman%20Singh/OneDrive%20-%20Noida%20Institute%20of%20Engineering%20and%20Technology/Desktop/Assistant-Project-Android/app/src/main/java/com/assistant/services/accessibility/YouTubeAutoClickService.kt:505:43 'recycle(): Unit' is deprecated. Deprecated in Java
w: file:///C:/Users/Aman%20Singh/OneDrive%20-%20Noida%20Institute%20of%20Engineering%20and%20Technology/Desktop/Assistant-Project-Android/app/src/main/java/com/assistant/services/accessibility/YouTubeAutoClickService.kt:508:19 'recycle(): Unit' is deprecated. Deprecated in Java
w: file:///C:/Users/Aman%20Singh/OneDrive%20-%20Noida%20Institute%20of%20Engineering%20and%20Technology/Desktop/Assistant-Project-Android/app/src/main/java/com/assistant/services/accessibility/YouTubeAutoClickService.kt:525:43 'recycle(): Unit' is deprecated. Deprecated in Java
w: file:///C:/Users/Aman%20Singh/OneDrive%20-%20Noida%20Institute%20of%20Engineering%20and%20Technology/Desktop/Assistant-Project-Android/app/src/main/java/com/assistant/services/accessibility/YouTubeAutoClickService.kt:528:19 'recycle(): Unit' is deprecated. Deprecated in Java
w: file:///C:/Users/Aman%20Singh/OneDrive%20-%20Noida%20Institute%20of%20Engineering%20and%20Technology/Desktop/Assistant-Project-Android/app/src/main/java/com/assistant/services/accessibility/YouTubeAutoClickService.kt:562:23 'recycle(): Unit' is deprecated. Deprecated in Java
w: file:///C:/Users/Aman%20Singh/OneDrive%20-%20Noida%20Institute%20of%20Engineering%20and%20Technology/Desktop/Assistant-Project-Android/app/src/main/java/com/assistant/services/actions/ActionExecutor.kt:48:20 Duplicate label in when
w: file:///C:/Users/Aman%20Singh/OneDrive%20-%20Noida%20Institute%20of%20Engineering%20and%20Technology/Desktop/Assistant-Project-Android/app/src/main/java/com/assistant/services/contacts/ContactResolver.kt:158:13 Variable 'normalizedQuery' is never used
w: file:///C:/Users/Aman%20Singh/OneDrive%20-%20Noida%20Institute%20of%20Engineering%20and%20Technology/Desktop/Assistant-Project-Android/app/src/main/java/com/assistant/services/listening/ListeningSessionManager.kt:424:56 No cast needed
w: file:///C:/Users/Aman%20Singh/OneDrive%20-%20Noida%20Institute%20of%20Engineering%20and%20Technology/Desktop/Assistant-Project-Android/app/src/main/java/com/assistant/services/listening/ListeningSessionManager.kt:438:112 No cast needed
w: file:///C:/Users/Aman%20Singh/OneDrive%20-%20Noida%20Institute%20of%20Engineering%20and%20Technology/Desktop/Assistant-Project-Android/app/src/main/java/com/assistant/services/listening/ListeningSessionManager.kt:1008:43 Unnecessary non-null assertion (!!) on a non-null receiver of type String
w: file:///C:/Users/Aman%20Singh/OneDrive%20-%20Noida%20Institute%20of%20Engineering%20and%20Technology/Desktop/Assistant-Project-Android/app/src/main/java/com/assistant/services/permissions/PermissionManager.kt:142:9 Parameter 'permissions' is never used
w: file:///C:/Users/Aman%20Singh/OneDrive%20-%20Noida%20Institute%20of%20Engineering%20and%20Technology/Desktop/Assistant-Project-Android/app/src/main/java/com/assistant/services/permissions/PermissionRequestBroadcaster.kt:8:47 'LocalBroadcastManager' is deprecated. Deprecated in Java
w: file:///C:/Users/Aman%20Singh/OneDrive%20-%20Noida%20Institute%20of%20Engineering%20and%20Technology/Desktop/Assistant-Project-Android/app/src/main/java/com/assistant/services/permissions/PermissionRequestBroadcaster.kt:31:9 'LocalBroadcastManager' is deprecated. Deprecated in Java
w: file:///C:/Users/Aman%20Singh/OneDrive%20-%20Noida%20Institute%20of%20Engineering%20and%20Technology/Desktop/Assistant-Project-Android/app/src/main/java/com/assistant/services/permissions/PermissionRequestBroadcaster.kt:60:9 'LocalBroadcastManager' is deprecated. Deprecated in Java
w: file:///C:/Users/Aman%20Singh/OneDrive%20-%20Noida%20Institute%20of%20Engineering%20and%20Technology/Desktop/Assistant-Project-Android/app/src/main/java/com/assistant/services/permissions/PermissionRequestBroadcaster.kt:68:9 'LocalBroadcastManager' is deprecated. Deprecated in Java
w: file:///C:/Users/Aman%20Singh/OneDrive%20-%20Noida%20Institute%20of%20Engineering%20and%20Technology/Desktop/Assistant-Project-Android/app/src/main/java/com/assistant/services/rapido/RapidoAutomationManager.kt:208:43 Parameter 'responseLower' is never used
w: file:///C:/Users/Aman%20Singh/OneDrive%20-%20Noida%20Institute%20of%20Engineering%20and%20Technology/Desktop/Assistant-Project-Android/app/src/main/java/com/assistant/services/tts/TextToSpeechManager.kt:200:26 This declaration overrides deprecated member but not marked as deprecated itself. Please add @Deprecated annotation or suppress. See https://youtrack.jetbrains.com/issue/KT-47902 for details
w: file:///C:/Users/Aman%20Singh/OneDrive%20-%20Noida%20Institute%20of%20Engineering%20and%20Technology/Desktop/Assistant-Project-Android/app/src/main/java/com/assistant/services/wakeword/WakeWordManager.kt:315:13 Variable 'noiseGateThreshold' is never used
w: file:///C:/Users/Aman%20Singh/OneDrive%20-%20Noida%20Institute%20of%20Engineering%20and%20Technology/Desktop/Assistant-Project-Android/app/src/main/java/com/assistant/services/wakeword/WakeWordService.kt:535:42 Parameter 'orchestrator' is never used, could be renamed to _
w: file:///C:/Users/Aman%20Singh/OneDrive%20-%20Noida%20Institute%20of%20Engineering%20and%20Technology/Desktop/Assistant-Project-Android/app/src/main/java/com/assistant/ui/permissions/PermissionScreen.kt:67:14 Variable 'contactsGranted' is never used
w: file:///C:/Users/Aman%20Singh/OneDrive%20-%20Noida%20Institute%20of%20Engineering%20and%20Technology/Desktop/Assistant-Project-Android/app/src/main/java/com/assistant/ui/permissions/PermissionScreen.kt:68:14 Variable 'callGranted' is never used
w: file:///C:/Users/Aman%20Singh/OneDrive%20-%20Noida%20Institute%20of%20Engineering%20and%20Technology/Desktop/Assistant-Project-Android/app/src/main/java/com/assistant/ui/settings/SettingsComponents.kt:37:9 Variable 'border' is never used

[Incubating] Problems report is available at: file:///C:/Users/Aman%20Singh/OneDrive%20-%20Noida%20Institute%20of%20Engineering%20and%20Technology/Desktop/Assistant-Project-Android/build/reports/problems/problems-report.html

Deprecated Gradle features were used in this build, making it incompatible with Gradle 9.0.

You can use '--warning-mode all' to show the individual deprecation warnings and determine if they come from your own scripts or plugins.

For more on this, please refer to https://docs.gradle.org/8.14/userguide/command_line_interface.html#sec:command_line_warnings in the Gradle documentation.

BUILD SUCCESSFUL in 11s
18 actionable tasks: 2 executed, 16 up-to-date
